CCS PCM C Compiler, Version 5.008, 5967               26-jun-14 10:10

               Filename:   D:\IGNACIO\Universidad\Ciclo2014_I\Tiempo Real\Trabajo1\trabajoTiempoReal1\prog_picc\recepcion AN0_transmisionMatlab\recepcionPicPot.lst

               ROM used:   90 words (1%)
                           Largest free fragment is 2048
               RAM used:   7 (2%) at main() level
                           8 (2%) worst case
               Stack used: 1 locations
               Stack size: 7

*
0000:  NOP
0001:  MOVLW  00
0002:  MOVWF  0A
0003:  GOTO   01B
.................... #include <16f877a.h> 
.................... //////// Standard Header file for the PIC16F877A device //////////////// 
.................... #device PIC16F877A 
....................  
.................... #list 
....................  
.................... #device ICD=TRUE 
.................... #device adc=10 
.................... #fuses HS,NOWDT,NOPROTECT,NOLVP  
.................... #use delay(clock=10000000)  
0004:  MOVLW  23
0005:  MOVWF  04
0006:  BCF    03.7
0007:  MOVF   00,W
0008:  BTFSC  03.2
0009:  GOTO   018
000A:  MOVLW  03
000B:  MOVWF  78
000C:  CLRF   77
000D:  DECFSZ 77,F
000E:  GOTO   00D
000F:  DECFSZ 78,F
0010:  GOTO   00C
0011:  MOVLW  3C
0012:  MOVWF  77
0013:  DECFSZ 77,F
0014:  GOTO   013
0015:  GOTO   016
0016:  DECFSZ 00,F
0017:  GOTO   00A
0018:  BCF    0A.3
0019:  BCF    0A.4
001A:  GOTO   056 (RETURN)
.................... #use rs232(baud=9600,parity=N,xmit=PIN_C6,rcv=PIN_C7,bits=8)  
.................... #use FAST_IO(A)  
.................... #use FAST_IO(B) 
.................... #use FAST_IO(C)  
.................... //#byte port_b=6 
.................... void main() 
001B:  MOVF   03,W
001C:  ANDLW  1F
001D:  MOVWF  03
001E:  MOVLW  40
001F:  BSF    03.5
0020:  MOVWF  19
0021:  MOVLW  A6
0022:  MOVWF  18
0023:  MOVLW  90
0024:  BCF    03.5
0025:  MOVWF  18
0026:  BSF    03.5
0027:  BSF    1F.0
0028:  BSF    1F.1
0029:  BSF    1F.2
002A:  BCF    1F.3
002B:  MOVLW  07
002C:  MOVWF  1C
002D:  BCF    03.7
.................... { 
....................    //int16 q; 
....................    char q; 
....................    //int16 p=0; 
....................    setup_adc_ports(AN0); 
002E:  BCF    1F.0
002F:  BSF    1F.1
0030:  BSF    1F.2
0031:  BSF    1F.3
....................    setup_adc(ADC_CLOCK_INTERNAL); 
0032:  BCF    1F.6
0033:  BCF    03.5
0034:  BSF    1F.6
0035:  BSF    1F.7
0036:  BSF    03.5
0037:  BSF    1F.7
0038:  BCF    03.5
0039:  BSF    1F.0
.................... //printf("Tiempo"); 
.................... //putc(0x3B);//envia punto y coma 
.................... //printf("Tension\r"); 
.................... for(;;){ 
....................    set_adc_channel(0);   
003A:  MOVLW  00
003B:  MOVWF  78
003C:  MOVF   1F,W
003D:  ANDLW  C7
003E:  IORWF  78,W
003F:  MOVWF  1F
....................    delay_us(20); 
0040:  MOVLW  10
0041:  MOVWF  77
0042:  DECFSZ 77,F
0043:  GOTO   042
0044:  NOP
....................    //q=read_adc(); 
....................    q=getch(); 
0045:  BTFSS  0C.5
0046:  GOTO   045
0047:  MOVF   1A,W
0048:  MOVWF  21
....................  //printf("%4ld",p++);//p se incrementa cada un segundo y se envia por usart 
....................  //putc(0x3B); 
....................  printf("%c\r",q);//q contiene el valor del convertidor ana / dig 
0049:  MOVF   21,W
004A:  BTFSS  0C.4
004B:  GOTO   04A
004C:  MOVWF  19
004D:  MOVLW  0D
004E:  BTFSS  0C.4
004F:  GOTO   04E
0050:  MOVWF  19
....................  delay_ms(2000); 
0051:  MOVLW  08
0052:  MOVWF  22
0053:  MOVLW  FA
0054:  MOVWF  23
0055:  GOTO   004
0056:  DECFSZ 22,F
0057:  GOTO   053
0058:  GOTO   03A
....................    } 
.................... } 
....................  
0059:  GOTO   059

Configuration Fuses:
   Word  1: 373A   HS NOWDT NOPUT NOBROWNOUT NOLVP NOCPD NOWRT DEBUG NOPROTECT

   Some fuses have been forced to be compatible with the ICD debugger.
