CCS PCM C Compiler, Version 5.008, 5967               15-jun-14 04:07

               Filename:   D:\IGNACIO\Programacion\Microcontroladores\PicC\16f877a\FocoAplausoControl\FocoAplausoControl.lst

               ROM used:   116 words (1%)
                           Largest free fragment is 2048
               RAM used:   12 (3%) at main() level
                           13 (4%) worst case
               Stack used: 3 locations (1 in main + 2 for interrupts)
               Stack size: 8

*
0000:  MOVLW  00
0001:  MOVWF  0A
0002:  GOTO   064
0003:  NOP
0004:  MOVWF  7F
0005:  SWAPF  03,W
0006:  CLRF   03
0007:  MOVWF  21
0008:  MOVF   0A,W
0009:  MOVWF  20
000A:  CLRF   0A
000B:  MOVF   04,W
000C:  MOVWF  22
000D:  MOVF   77,W
000E:  MOVWF  23
000F:  MOVF   78,W
0010:  MOVWF  24
0011:  MOVF   79,W
0012:  MOVWF  25
0013:  MOVF   7A,W
0014:  MOVWF  26
0015:  BCF    03.7
0016:  BCF    03.5
0017:  BTFSS  0B.3
0018:  GOTO   01B
0019:  BTFSC  0B.0
001A:  GOTO   030
001B:  BTFSS  0B.4
001C:  GOTO   01F
001D:  BTFSC  0B.1
001E:  GOTO   033
001F:  MOVF   22,W
0020:  MOVWF  04
0021:  MOVF   23,W
0022:  MOVWF  77
0023:  MOVF   24,W
0024:  MOVWF  78
0025:  MOVF   25,W
0026:  MOVWF  79
0027:  MOVF   26,W
0028:  MOVWF  7A
0029:  MOVF   20,W
002A:  MOVWF  0A
002B:  SWAPF  21,W
002C:  MOVWF  03
002D:  SWAPF  7F,F
002E:  SWAPF  7F,W
002F:  RETFIE
0030:  BCF    0A.3
0031:  BCF    0A.4
0032:  GOTO   041
0033:  BCF    0A.3
0034:  BCF    0A.4
0035:  GOTO   03C
.................... #include <16F877A.h> 
.................... //////// Standard Header file for the PIC16F877A device //////////////// 
.................... #device PIC16F877A 
....................  
.................... #list 
....................  
.................... #FUSES HS,NOWDT,NOPROTECT,NOLVP  
....................  
.................... #USE delay(crystal=10000000) 
....................  
....................  
....................  
.................... #USE FAST_IO(B)   //Puerto B 
.................... #USE FAST_IO(D)   //Puerto D 
....................  
....................  
.................... // ********************************************** 
.................... // Declaracion de las funciones 
.................... void Cargar_configuracion(); 
.................... void Configurar_interrupciones(); 
.................... void invertir_PORTD(); 
.................... //*********************************************** 
....................  
....................  
.................... // ********************************************** 
.................... // Interrupciones 
.................... #INT_EXT             // Interrupcion RB0 
.................... void  EXT_isr(void)  
.................... { 
....................    invertir_PORTD(); 
*
003C:  CALL   036
.................... } 
003D:  BCF    0B.1
003E:  BCF    0A.3
003F:  BCF    0A.4
0040:  GOTO   01F
.................... #INT_RB 
.................... void  RB_isr(void) { 
....................    if (input(PIN_B4) == 1 ){ 
0041:  BTFSS  06.4
0042:  GOTO   045
....................       invertir_PORTD(); 
0043:  CALL   036
....................    } else if (input(PIN_B5) == 1){ 
0044:  GOTO   04B
0045:  BTFSC  06.5
....................  
....................    }else if (input(PIN_B6) == 1){ 
0046:  GOTO   04B
0047:  BTFSC  06.6
....................  
....................    }else if (input(PIN_B7) == 1){ 
0048:  GOTO   04B
0049:  BTFSS  06.7
004A:  GOTO   04B
....................  
....................    } 
004B:  BCF    0B.0
004C:  BCF    0A.3
004D:  BCF    0A.4
004E:  GOTO   01F
.................... } 
....................  
.................... //*********************************************** 
....................  
.................... // ********************************************** 
.................... // Funcion Principal 
.................... void main() 
*
0064:  MOVF   03,W
0065:  ANDLW  1F
0066:  MOVWF  03
0067:  BSF    03.5
0068:  BSF    1F.0
0069:  BSF    1F.1
006A:  BSF    1F.2
006B:  BCF    1F.3
006C:  MOVLW  07
006D:  MOVWF  1C
006E:  BCF    03.7
.................... { 
....................    Cargar_configuracion(); 
006F:  BCF    03.5
0070:  GOTO   04F
....................    Configurar_interrupciones(); 
0071:  GOTO   05A
....................    while(TRUE) 
....................    { 
0072:  GOTO   072
....................       //TODO: User Code 
....................    } 
....................  
.................... } 
.................... //********************************************** 
0073:  SLEEP
....................  
....................  
.................... // ********************************************* 
.................... // Definicion de las funciones 
....................  
.................... void Cargar_configuracion() { 
....................    SET_TRIS_B(0xFF);    //configura PORTB entrada / 0=salida / 1=entrada 
*
004F:  MOVLW  FF
0050:  BSF    03.5
0051:  MOVWF  06
....................    SET_TRIS_D(0x00);    //configura PORTD salida 
0052:  MOVLW  00
0053:  MOVWF  08
....................    OUTPUT_D(0xFF);   //inicializando PORTD en 0x00 
0054:  MOVLW  FF
0055:  BCF    03.5
0056:  MOVWF  08
0057:  BCF    0A.3
0058:  BCF    0A.4
0059:  GOTO   071 (RETURN)
.................... } 
.................... void Configurar_interrupciones(){ 
....................    enable_interrupts(INT_EXT);   // habilitar interrupcion del RB0 /INTE 
005A:  BSF    0B.4
....................    ext_int_edge(L_TO_H);         // Flag INTF si flanco de bajada / H_TO_L bajada 
005B:  BSF    03.5
005C:  BSF    01.6
....................    enable_interrupts(INT_RB);    // habilita interrupcion del RB  
005D:  BCF    03.5
005E:  BSF    0B.3
....................    enable_interrupts(GLOBAL); 
005F:  MOVLW  C0
0060:  IORWF  0B,F
0061:  BCF    0A.3
0062:  BCF    0A.4
0063:  GOTO   072 (RETURN)
.................... } 
....................  
.................... void invertir_PORTD(){ 
....................    if (input(PIN_D0) == 1 ){  
*
0036:  BTFSS  08.0
0037:  GOTO   03A
....................       output_low(PIN_D0); 
0038:  BCF    08.0
....................    }else { 
0039:  GOTO   03B
....................       output_high(PIN_D0); 
003A:  BSF    08.0
....................    } 
003B:  RETURN
.................... } 
.................... //********************************************** 

Configuration Fuses:
   Word  1: 3F72   HS NOWDT PUT BROWNOUT NOLVP NOCPD NOWRT NODEBUG NOPROTECT
